// Jest Snapshot v1, https://goo.gl/fbAQLP

exports[`filterEventHandlers should return an array of key/value pairs with valid event handlers 1`] = `
[
  [
    "testEvent",
    [Function],
  ],
]
`;

exports[`filterHtmlAttributes should return an array of key/value pairs with valid HTML attributes 1`] = `
[
  [
    "testFalse",
    false,
  ],
  [
    "testTrue",
    true,
  ],
  [
    "testString",
    "test-string",
  ],
  [
    "testNumber",
    12345,
  ],
]
`;

exports[`filterJsxProperties should return an array of key/value pairs with valid JSX properties 1`] = `
[
  [
    "testArray",
    [
      1,
      2,
      3,
    ],
  ],
  [
    "testObject",
    {
      "foo": "bar",
    },
  ],
  [
    "testFunction",
    [Function],
  ],
]
`;
